8 GPUs: NVIDIA RTX PRO 6000 Blackwell Workstation Edition
  fabric uniform: devices [0, 1, 3] -- 3 devices sharing one connectivity domain and one PCIe width (16x)
  fabric one_domain: devices [0, 1, 2, 3] -- the largest single connectivity domain (4 devices), spanning PCIe widths 16x, 8x
  fabric whole_node: devices [0, 1, 2, 3, 4, 5, 6, 7] -- all 8 devices across 2 connectivity domains; a collective here crosses the interconnect between them and is a different fabric from the sets above, reported separately rather than pooled
sealed sha256:fca730a28c970382 before measurement

=== fabric uniform: worlds [2, 3] ===
NCCL version 2.28.9+cuda13.0
NCCL version 2.28.9+cuda13.0
  pass 0: 184 records, 0 failure(s), 155s
NCCL version 2.28.9+cuda13.0
NCCL version 2.28.9+cuda13.0
  pass 1: 184 records, 0 failure(s), 308s
  covered 3 of 24

=== fabric one_domain: worlds [2, 3, 4] ===
NCCL version 2.28.9+cuda13.0
NCCL version 2.28.9+cuda13.0
NCCL version 2.28.9+cuda13.0
  pass 0: 276 records, 0 failure(s), 646s
NCCL version 2.28.9+cuda13.0
NCCL version 2.28.9+cuda13.0
NCCL version 2.28.9+cuda13.0
