8 GPUs: NVIDIA RTX PRO 6000 Blackwell Workstation Edition
  fabric homogeneous: devices [0, 1, 3, 4, 5, 7] -- the 6 devices at the majority PCIe width (16x)
  fabric mixed_width: devices [0, 1, 2, 3, 4, 5, 6, 7] -- all devices, including 2 at a reduced PCIe width ([2, 6]); a collective spanning these crosses two link classes and is reported separately
sealed sha256:507571579af01369 before measurement

=== fabric homogeneous: worlds [2, 3, 4] ===
NCCL version 2.28.9+cuda13.0
NCCL version 2.28.9+cuda13.0
NCCL version 2.28.9+cuda13.0
  pass 0: 276 records, 0 failure(s), 295s
NCCL version 2.28.9+cuda13.0
NCCL version 2.28.9+cuda13.0
NCCL version 2.28.9+cuda13.0
  pass 1: 276 records, 0 failure(s), 591s
  covered 5 of 24

=== fabric mixed_width: worlds [2, 3, 4, 8] ===
NCCL version 2.28.9+cuda13.0
NCCL version 2.28.9+cuda13.0
NCCL version 2.28.9+cuda13.0
NCCL version 2.28.9+cuda13.0
  pass 0: 368 records, 0 failure(s), 1112s
NCCL version 2.28.9+cuda13.0
NCCL version 2.28.9+cuda13.0
NCCL version 2.28.9+cuda13.0
NCCL version 2.28.9+cuda13.0
  pass 1: 368 records, 0 failure(s), 1554s
  covered 5 of 24

wrote artifacts/gpu-campaign.json (1627s)
  homogeneous: covered 5 of 24, peak 18.0 GB/s
  mixed_width: covered 5 of 24, peak 18.0 GB/s
