predictions sealed sha256:92163026f289523d BEFORE measurement
baseline: medium CV 27.4%, cliff 1.57x, coverage 6
grid 46 sizes x 3 worlds x 2 passes x 21 repeats
Traceback (most recent call last):
  File "C:\Users\archa\OneDrive\Desktop\Sparse Attention\losscolumn\scripts\campaign_v2.py", line 242, in <module>
    raise SystemExit(main())
                     ^^^^^^
  File "C:\Users\archa\OneDrive\Desktop\Sparse Attention\losscolumn\scripts\campaign_v2.py", line 151, in main
    with MeasurementLock("campaign v2, corrected harness"):
  File "C:\Users\archa\OneDrive\Deskto[W907 15:35:48.000000000 socket.cpp:759] [c10d] The client socket has failed to connect to [kubernetes.docker.internal]:29714 (system error: 10049 - The requested address is not valid in its context.).
[W907 15:35:48.000000000 socket.cpp:759] [c10d] The client socket has failed to connect to [kubernetes.docker.internal]:29714 (system error: 10049 - The requested address is not valid in its context.).
[W907 15:35:48.000000000 socket.cpp:759] [c10d] The client socket has failed to connect to [kubernetes.docker.internal]:29714 (system error: 10049 - The requested address is not valid in its context.).
[W907 15:37:49.000000000 socket.cpp:759] [c10d] The client socket has failed to connect to [kubernetes.docker.internal]:29715 (system error: 10049 - The requested address is not valid in its context.).
[W907 15:37:49.000000000 socket.cpp:759] [c10d] The client socket has failed to connect to [kubernetes.docker.internal]:29715 (system error: 10049 - The requested address is not valid in its context.).
[W907 15:37:49.000000000 socket.cpp:759] [c10d] The client socket has failed to connect to [kubernetes.docker.internal]:29715 (system error: 10049 - The requested address is not valid in its context.).
[W907 15:37:49.000000000 socket.cpp:759] [c10d] The client socket has failed to connect to [kubernetes.docker.internal]:29715 (system error: 10049 - The requested address is not valid in its context.).
  276 records, 0 failure(s), 512s

=== pass 1 ===
[W907 15:40:44.000000000 socket.cpp:759] [c10d] The client socket has failed to connect to [kubernetes.docker.internal]:29723 (system error: 10049 - The requested address is not valid in its context.).
[W907 15:40:44.000000000 socket.cpp:759] [c10d] The client socket has failed to connect to [kubernetes.docker.internal]:29723 (system error: 10049 - The requested address is not valid in its context.).
[W907 15:44:15.000000000 socket.cpp:759] [c10d] The client socket has failed to connect to [kubernetes.docker.internal]:29724 (system error: 10049 - The requested address is not valid in its context.).
[W907 15:44:15.000000000 socket.cpp:759] [c10d] The client socket has failed to connect to [kubernetes.docker.internal]:29724 (system error: 10049 - The requested address is not valid in its context.).
[W907 15:44:15.000000000 socket.cpp:759] [c10d] The client socket has failed to connect to [kubernetes.docker.internal]:29724 (system error: 10049 - The requested address is not valid in its context.).
[W907 15:46:19.000000000 socket.cpp:759] [c10d] The client socket has failed to connect to [kubernetes.docker.internal]:29725 (system error: 10049 - The requested address is not valid in its context.).
[W907 15:46:19.000000000 socket.cpp:759] [c10d] The client socket has failed to connect to [kubernetes.docker.internal]:29725 (system error: 10049 - The requested address is not valid in its context.).
[W907 15:46:19.000000000 socket.cpp:759] [c10d] The client socket has failed to connect to [kubernetes.docker.internal]:29725 (system error: 10049 - The requested address is not valid in its context.).
[W907 15:46:19.000000000 socket.cpp:759] [c10d] The client socket has failed to connect to [kubernetes.docker.internal]:29725 (system error: 10049 - The requested address is not valid in its context.).
  276 records, 0 failure(s), 1012s

# Campaign v2

Predictions sealed `sha256:92163026f289523d` before the run. One session, 17 minutes, 21 repeats per point per pass -- the same replicate count as the run it is compared against, so any movement is the corrections and not the effort.

| Prediction | Baseline | Predicted | Measured | Result |
|---|---|---|---|---|
| P1 medium-regime CV falls a quarter | 27.4% | < 20.5% | 24.9% | **FALSIFIED** |
| P2 the 1 MiB noise cliff closes | 1.57x | < 1.25x | 1.35x | **FALSIFIED** |
| P3 coverage improves | 6 | > 6 | 4 | **FALSIFIED** |

Coverage **4 of 24** cells; **1 of 6** groups have an accepted model.

Timed blocks averaged 5-200 calls (median 8), chosen per point from its own measured variability rather than from its size.

**P1 is falsified.** The medium regime is no less variable for being averaged harder, so its variability is not the averaging. Something about that size band on this machine is intrinsically unstable and the harness correction does not reach it.

**P2 is falsified.** The gap across 1 MiB survives a rule that does not know where 1 MiB is, so it is a property of the transport rather than of the measurement.

**P3 is falsified.** The gates were not what was blocking coverage. What remains is the surface.

