protocol sealed sha256:acd3614e4e580a2a
4 sessions x 3 restarts x 7 repeats x 6 probes, gap 300s
[W831 10:12:57.000000000 socket.cpp:759] [c10d] The client socket has failed to connect to [kubernetes.docker.internal]:29811 (system error: 10049 - The requested address is not valid in its context.).
[W831 10:12:57.000000000 socket.cpp:759] [c10d] The client socket has failed to connect to [kubernetes.docker.internal]:29811 (system error: 10049 - The requested address is not valid in its context.).
[W831 10:12:57.000000000 socket.cpp:759] [c10d] The client socket has failed to connect to [kubernetes.docker.internal]:29811 (system error: 10049 - The requested address is not valid in its context.).
  S0/r0: 6/6 valid (5s elapsed)
[W831 10:13:02.000000000 socket.cpp:759] [c10d] The client socket has failed to connect to [kubernetes.docker.internal]:29814 (system error: 10049 - The requested address is not valid in its context.).
[W831 10:13:02.000000000 socket.cpp:759] [c10d] The client socket has failed to connect to [kubernetes.docker.internal]:29814 (system error: 10049 - The requested address is not valid in its context.).
[W831 10:13:02.000000000 socket.cpp:759] [c10d] The client socket has failed to connect to [kubernetes.docker.internal]:29814 (system error: 10049 - The requested address is not valid in its context.).
  S0/r1: 6/6 valid (10s elapsed)
[W831 10:13:06.000000000 socket.cpp:759] [c10d] The client socket has failed to connect to [kubernetes.docker.internal]:29817 (system error: 10049 - The requested address is not valid in its context.).
[W831 10:13:06.000000000 socket.cpp:759] [c10d] The client socket has failed to connect to [kubernetes.docker.internal]:29817 (system error: 10049 - The requested address is not valid in its context.).
[W831 10:13:06.000000000 socket.cpp:759] [c10d] The client socket has failed to connect to [kubernetes.docker.internal]:29817 (system error: 10049 - The requested address is not valid in its context.).
  S0/r2: 6/6 valid (14s elapsed)
  ... idling 300s to separate sessions
[W831 10:18:11.000000000 socket.cpp:759] [c10d] The client socket has failed to connect to [kubernetes.docker.internal]:29828 (system error: 10049 - The requested address is not valid in its context.).
[W831 10:18:11.000000000 socket.cpp:759] [c10d] The client socket has failed to connect to [kubernetes.docker.internal]:29828 (system error: 10049 - The requested address is not valid in its context.).
[W831 10:18:11.000000000 socket.cpp:759] [c10d] The client socket has failed to connect to [kubernetes.docker.internal]:29828 (system error: 10049 - The requested address is not valid in its context.).
  S1/r0: 6/6 valid (320s elapsed)
[W831 10:18:17.000000000 socket.cpp:759] [c10d] The client socket has failed to connect to [kubernetes.docker.internal]:29831 (system error: 10049 - The requested address is not valid in its context.).
[W831 10:18:17.000000000 socket.cpp:759] [c10d] The client socket has failed to connect to [kubernetes.docker.internal]:29831 (system error: 10049 - The requested address is not valid in its context.).
[W831 10:18:17.000000000 socket.cpp:759] [c10d] The client socket has failed to connect to [kubernetes.docker.internal]:29831 (system error: 10049 - The requested address is not valid in its context.).
  S1/r1: 6/6 valid (325s elapsed)
[W831 10:18:21.000000000 socket.cpp:759] [c10d] The client socket has failed to connect to [kubernetes.docker.internal]:29834 (system error: 10049 - The requested address is not valid in its context.).
[W831 10:18:21.000000000 socket.cpp:759] [c10d] The client socket has failed to connect to [kubernetes.docker.internal]:29834 (system error: 10049 - The requested address is not valid in its context.).
[W831 10:18:21.000000000 socket.cpp:759] [c10d] The client socket has failed to connect to [kubernetes.docker.internal]:29834 (system error: 10049 - The requested address is not valid in its context.).
  S1/r2: 6/6 valid (330s elapsed)
  ... idling 300s to separate sessions
[W831 10:23:26.000000000 socket.cpp:759] [c10d] The client socket has failed to connect to [kubernetes.docker.internal]:29845 (system error: 10049 - The requested address is not valid in its context.).
[W831 10:23:26.000000000 socket.cpp:759] [c10d] The client socket has failed to connect to [kubernetes.docker.internal]:29845 (system error: 10049 - The requested address is not valid in its context.).
[W831 10:23:26.000000000 socket.cpp:759] [c10d] The client socket has failed to connect to [kubernetes.docker.internal]:29845 (system error: 10049 - The requested address is not valid in its context.).
  S2/r0: 6/6 valid (634s elapsed)
[W831 10:23:30.000000000 socket.cpp:759] [c10d] The client socket has failed to connect to [kubernetes.docker.internal]:29848 (system error: 10049 - The requested address is not valid in its context.).
[W831 10:23:30.000000000 socket.cpp:759] [c10d] The client socket has failed to connect to [kubernetes.docker.internal]:29848 (system error: 10049 - The requested address is not valid in its context.).
[W831 10:23:30.000000000 socket.cpp:759] [c10d] The client socket has failed to connect to [kubernetes.docker.internal]:29848 (system error: 10049 - The requested address is not valid in its context.).
  S2/r1: 6/6 valid (639s elapsed)
[W831 10:23:35.000000000 socket.cpp:759] [c10d] The client socket has failed to connect to [kubernetes.docker.internal]:29851 (system error: 10049 - The requested address is not valid in its context.).
[W831 10:23:35.000000000 socket.cpp:759] [c10d] The client socket has failed to connect to [kubernetes.docker.internal]:29851 (system error: 10049 - The requested address is not valid in its context.).
[W831 10:23:35.000000000 socket.cpp:759] [c10d] The client socket has failed to connect to [kubernetes.docker.internal]:29851 (system error: 10049 - The requested address is not valid in its context.).
  S2/r2: 6/6 valid (644s elapsed)
  ... idling 300s to separate sessions
[W831 10:28:40.000000000 socket.cpp:759] [c10d] The client socket has failed to connect to [kubernetes.docker.internal]:29862 (system error: 10049 - The requested address is not valid in its context.).
[W831 10:28:40.000000000 socket.cpp:759] [c10d] The client socket has failed to connect to [kubernetes.docker.internal]:29862 (system error: 10049 - The requested address is not valid in its context.).
[W831 10:28:40.000000000 socket.cpp:759] [c10d] The client socket has failed to connect to [kubernetes.docker.internal]:29862 (system error: 10049 - The requested address is not valid in its context.).
  S3/r0: 6/6 valid (948s elapsed)
[W831 10:28:45.000000000 socket.cpp:759] [c10d] The client socket has failed to connect to [kubernetes.docker.internal]:29865 (system error: 10049 - The requested address is not valid in its context.).
[W831 10:28:45.000000000 socket.cpp:759] [c10d] The client socket has failed to connect to [kubernetes.docker.internal]:29865 (system error: 10049 - The requested address is not valid in its context.).
[W831 10:28:45.000000000 socket.cpp:759] [c10d] The client socket has failed to connect to [kubernetes.docker.internal]:29865 (system error: 10049 - The requested address is not valid in its context.).
  S3/r1: 6/6 valid (953s elapsed)
[W831 10:28:49.000000000 socket.cpp:759] [c10d] The client socket has failed to connect to [kubernetes.docker.internal]:29868 (system error: 10049 - The requested address is not valid in its context.).
[W831 10:28:49.000000000 socket.cpp:759] [c10d] The client socket has failed to connect to [kubernetes.docker.internal]:29868 (system error: 10049 - The requested address is not valid in its context.).
[W831 10:28:49.000000000 socket.cpp:759] [c10d] The client socket has failed to connect to [kubernetes.docker.internal]:29868 (system error: 10049 - The requested address is not valid in its context.).
  S3/r2: 6/6 valid (958s elapsed)

# Machine stability

Protocol `machine-stability-sentinel-v1` sealed `sha256:acd3614e4e580a2a`, registered before any measurement.

## Repeatability

| Level | observed CV | expected from below | probes | what it adds |
|---|---|---|---|---|
| within run | 21.3% | — | 6 | the instrument's own noise floor |
| across restart | 15.9% | 10.1% | 6 | process placement, allocator and transport setup |
| across session | 10.5% | 11.5% | 6 | whatever the machine does between sittings |

Excess over the level below: restart 1.58x &nbsp;&middot;&nbsp; session 0.91x. A level that adds nothing of its own sits at 1.0x, because a median of *n* is less dispersed than the *n* it averages.

**Drift is WORKLOAD_SPECIFIC.** the variation is a property of the work, not the machine; model it rather than trying to stabilise it.

- restarting the process leaves 1.58x the dispersion that averaging alone predicts (15.9% observed against 10.1% expected from the 21.3% within-run noise)
- a new session leaves 0.91x what restarts alone predict (10.5% observed against 11.5% expected)
- the session-level variation differs by 6.9x between the probes, which points at the work rather than the machine

Correlation of per-reading bandwidth with machine state:

- `cpu_percent`: r = -0.07
- `gpu_mem_clock_mhz`: r = -0.03
- `free_ram_gb`: r = +0.03
- `load_avg_1m`: r = -0.02
- `gpu_clock_mhz`: r = -0.02

Largest session-to-session drift observed: **1.85x**. Recommended comparability criterion: **1.48x**.

## Session comparability

| A | B | worst probe ratio | criterion | verdict |
|---|---|---|---|---|
| S0 | S1 | 1.64x | 1.48x | `INCOMPARABLE` |
| S0 | S2 | 1.50x | 1.48x | `INCOMPARABLE` |
| S0 | S3 | 1.39x | 1.48x | `COMPARABLE` |
| S1 | S2 | 1.29x | 1.48x | `COMPARABLE` |
| S1 | S3 | 1.50x | 1.48x | `INCOMPARABLE` |
| S2 | S3 | 1.85x | 1.48x | `INCOMPARABLE` |

2 of 6 session pairs are poolable.


wrote artifacts\stability-machine.json
